ADMIN@Big-Bird MINGW64 /d/WEB2022/git1/duan1 (master)
$ git status
On branch master

No commits yet

Untracked files:
  (use "git add <file>..." to include in what will be committed)
        hbhjkj.txt

nothing added to commit but untracked files present (use "git add" to track)

ADMIN@Big-Bird MINGW64 /d/WEB2022/git1/duan1 (master)
$ git add *

ADMIN@Big-Bird MINGW64 /d/WEB2022/git1/duan1 (master)
$ git status
On branch master

No commits yet

Changes to be committed:
  (use "git rm --cached <file>..." to unstage)
        new file:   hbhjkj.txt


ADMIN@Big-Bird MINGW64 /d/WEB2022/git1/duan1 (master)
$ git comit
git: 'comit' is not a git command. See 'git --help'.

The most similar command is
        commit

ADMIN@Big-Bird MINGW64 /d/WEB2022/git1/duan1 (master)
$ git commit

*** Please tell me who you are.

Run

  git config --global user.email "you@example.com"
  git config --global user.name "Your Name"

to set your account's default identity.
Omit --global to set the identity only in this repository.

fatal: unable to auto-detect email address (got 'ADMIN@Big-Bird.(none)')

ADMIN@Big-Bird MINGW64 /d/WEB2022/git1/duan1 (master)
$ git config --glo